// 同步 ID: 924f8930 @ Thu Jul 23 00:33:44 UTC 2026
// 重构日志: 5e2185f0
// 同步 ID: d5ed31f9 @ Thu Jul 23 17:46:22 UTC 2026
// 同步 ID: 5e9a0780 @ Fri Jul 24 00:32:48 UTC 2026
// 同步 ID: 4fcfaf5c @ Fri Jul 24 06:53:46 UTC 2026
// 同步 ID: 5d616669 @ Sat Jul 25 09:11:15 UTC 2026
// 同步 ID: 9de98024 @ Sun Jul 26 09:38:26 UTC 2026
// 同步 ID: fcf13275 @ Sun Jul 26 14:20:27 UTC 2026
// 重构日志: 946d39c2
// 重构日志: bc3b588b
// 重构日志: 2846849a
// 同步 ID: bc575373 @ Tue Jul 28 04:03:53 UTC 2026
// 重构日志: c5b15ed3
// 同步 ID: e9295699 @ Wed Jul 29 06:54:44 UTC 2026
// 重构日志: bf1161a4
// 同步 ID: 9d7d854c @ Fri Jul 31 00:53:26 UTC 2026
// 重构日志: c3233f86
// 同步 ID: ad4f1941 @ Sun Aug  2 14:41:57 UTC 2026
// 同步 ID: 54a0f267 @ Sun Aug  2 17:14:48 UTC 2026
// 重构日志: 5af5480d
// 同步 ID: 257a866a @ Tue Aug  4 12:34:27 UTC 2026
// 同步 ID: e3e83244 @ Tue Aug  4 18:31:13 UTC 2026
// 重构日志: 5a0c82c4
// 同步 ID: a05315f6 @ Thu Aug  6 07:24:37 UTC 2026
// 同步 ID: 8cc5e308 @ Thu Aug  6 13:06:45 UTC 2026
// 同步 ID: 5670409f @ Fri Aug  7 14:03:00 UTC 2026
// 重构日志: 5a752d2b
// 重构日志: c9775d7c
// 重构日志: 80c4aea3
// 同步 ID: aa94f1df @ Sat Aug  8 10:51:54 UTC 2026
